 Abaqus/Standard 2025                  DATE 27-Sep-2026 TIME 18:48:03
 SUMMARY OF JOB INFORMATION:
 STEP  INC ATT SEVERE EQUIL TOTAL  TOTAL      STEP       INC OF       DOF    IF
               DISCON ITERS ITERS  TIME/    TIME/LPF    TIME/LPF    MONITOR RIKS
               ITERS               FREQ
   1     1   1     0     1     1  0.00500    0.00500    0.005000  
   1     2   1     0     1     1  0.0100     0.0100     0.005000  
   1     3   1     0     1     1  0.0175     0.0175     0.007500  
   1     4   1     0     1     1  0.0288     0.0288     0.01125   
   1     5   1     0     1     1  0.0456     0.0456     0.01688   
   1     6   1     0     1     1  0.0709     0.0709     0.02531   
   1     7   1     0     1     1  0.109      0.109      0.03797   
   1     8   1     0     1     1  0.166      0.166      0.05695   
   1     9   1     0     1     1  0.251      0.251      0.08543   
   1    10   1U    0     1     1  0.251      0.251      0.1000    
   1    10   2U    0     1     1  0.251      0.251      0.05000   
   1    10   3U    0     1     1  0.251      0.251      0.02500   
   1    10   4U    0     1     1  0.251      0.251      0.01250   
   1    10   5U    0     1     1  0.251      0.251      0.006250  
   1    10   6U    0     1     1  0.251      0.251      0.006250  
                          
 THE ANALYSIS HAS NOT BEEN COMPLETED
