 Abaqus/Standard 2025                  DATE 27-Sep-2026 TIME 19:27:49
 SUMMARY OF JOB INFORMATION:
 STEP  INC ATT SEVERE EQUIL TOTAL  TOTAL      STEP       INC OF       DOF    IF
               DISCON ITERS ITERS  TIME/    TIME/LPF    TIME/LPF    MONITOR RIKS
               ITERS               FREQ
   1     1   1     0     1     1  0.00500    0.00500    0.005000  
   1     2   1     0     1     1  0.0100     0.0100     0.005000  
   1     3   1     0     1     1  0.0175     0.0175     0.007500  
   1     4   1     0     1     1  0.0288     0.0288     0.01125   
   1     5   1     0     1     1  0.0456     0.0456     0.01688   
   1     6   1     0     1     1  0.0709     0.0709     0.02531   
   1     7   1     0     1     1  0.109      0.109      0.03797   
   1     8   1     0     1     1  0.166      0.166      0.05695   
   1     9   1     0     1     1  0.251      0.251      0.08543   
   1    10   1     0     1     1  0.351      0.351      0.1000    
   1    11   1U    0     1     1  0.351      0.351      0.1000    
   1    11   2     0     1     1  0.401      0.401      0.05000   
   1    12   1U    0     1     1  0.401      0.401      0.07500   
   1    12   2     0     1     1  0.439      0.439      0.03750   
   1    13   1U    0     1     1  0.439      0.439      0.05625   
   1    13   2U    0     1     1  0.439      0.439      0.02813   
   1    13   3U    0     1     1  0.439      0.439      0.01406   
   1    13   4     0     1     1  0.446      0.446      0.007031  
   1    14   1U    0     1     1  0.446      0.446      0.01055   
   1    14   2U    0     1     1  0.446      0.446      0.005273  
   1    14   3U    0     1     1  0.446      0.446      0.002637  
   1    14   4     0     1     1  0.447      0.447      0.001318  
   1    15   1U    0     1     1  0.447      0.447      0.001978  
   1    15   2U    0     1     1  0.447      0.447      0.0009888 
   1    15   3U    0     1     1  0.447      0.447      0.0004944 
   1    15   4     0     1     1  0.447      0.447      0.0002472 
   1    16   1U    0     1     1  0.447      0.447      0.0003708 
   1    16   2U    0     1     1  0.447      0.447      0.0001854 
   1    16   3     0     1     1  0.447      0.447      9.270e-05 
   1    17   1U    0     1     1  0.447      0.447      0.0001390 
   1    17   2     0     1     1  0.448      0.448      6.952e-05 
   1    18   1U    0     1     1  0.448      0.448      0.0001043 
   1    18   2U    0     1     1  0.448      0.448      5.214e-05 
   1    18   3U    0     1     1  0.448      0.448      2.607e-05 
   1    18   4     0     1     1  0.448      0.448      1.304e-05 
   1    19   1U    0     1     1  0.448      0.448      1.955e-05 
   1    19   2U    0     1     1  0.448      0.448      9.777e-06 
   1    19   3U    0     1     1  0.448      0.448      4.888e-06 
   1    19   4U    0     1     1  0.448      0.448      2.444e-06 
   1    19   5     0     1     1  0.448      0.448      1.222e-06 
   1    20   1U    0     1     1  0.448      0.448      1.833e-06 
   1    20   2     0     1     1  0.448      0.448      9.166e-07 
   1    21   1U    0     1     1  0.448      0.448      1.375e-06 
   1    21   2U    0     1     1  0.448      0.448      6.874e-07 
   1    21   3U    0     1     1  0.448      0.448      3.437e-07 
   1    21   4U    0     1     1  0.448      0.448      1.719e-07 
   1    21   5     0     1     1  0.448      0.448      8.593e-08 
   1    22   1U    0     1     1  0.448      0.448      1.289e-07 
   1    22   2U    0     1     1  0.448      0.448      6.445e-08 
   1    22   3     0     1     1  0.448      0.448      3.222e-08 
   1    23   1U    0     1     1  0.448      0.448      4.833e-08 
   1    23   2U    0     1     1  0.448      0.448      2.417e-08 
   1    23   3     0     1     1  0.448      0.448      1.208e-08 
   1    24   1U    0     1     1  0.448      0.448      1.813e-08 
   1    24   2U    0     1     1  0.448      0.448      9.063e-09 
   1    24   3U    0     1     1  0.448      0.448      4.531e-09 
   1    24   4     0     1     1  0.448      0.448      2.266e-09 
   1    25   1U    0     1     1  0.448      0.448      3.399e-09 
   1    25   2U    0     1     1  0.448      0.448      1.699e-09 
   1    25   3U    0     1     1  0.448      0.448      8.496e-10 
   1    25   4U    0     1     1  0.448      0.448      4.248e-10 
   1    25   5U    0     1     1  0.448      0.448      2.124e-10 
   1    25   6U    0     1     1  0.448      0.448      2.124e-10 
                          
 THE ANALYSIS HAS NOT BEEN COMPLETED
