 Abaqus/Standard 2025                  DATE 27-Sep-2026 TIME 21:04:24
 SUMMARY OF JOB INFORMATION:
 STEP  INC ATT SEVERE EQUIL TOTAL  TOTAL      STEP       INC OF       DOF    IF
               DISCON ITERS ITERS  TIME/    TIME/LPF    TIME/LPF    MONITOR RIKS
               ITERS               FREQ
   1     1   1     0     1     1  0.00500    0.00500    0.005000  
   1     2   1     0     1     1  0.0100     0.0100     0.005000  
   1     3   1     0     1     1  0.0175     0.0175     0.007500  
   1     4   1     0     1     1  0.0288     0.0288     0.01125   
   1     5   1     0     1     1  0.0456     0.0456     0.01688   
   1     6   1     0     1     1  0.0709     0.0709     0.02531   
   1     7   1     0     1     1  0.109      0.109      0.03797   
   1     8   1     0     1     1  0.166      0.166      0.05695   
   1     9   1     0     1     1  0.251      0.251      0.08543   
   1    10   1     0     1     1  0.351      0.351      0.1000    
   1    11   1     0     1     1  0.451      0.451      0.1000    
   1    12   1     0     1     1  0.551      0.551      0.1000    
   1    13   1     0     1     1  0.651      0.651      0.1000    
   1    14   1U    0     1     1  0.651      0.651      0.1000    
   1    14   2     0     1     1  0.701      0.701      0.05000   
   1    15   1U    0     1     1  0.701      0.701      0.07500   
   1    15   2U    0     1     1  0.701      0.701      0.03750   
   1    15   3     0     1     1  0.720      0.720      0.01875   
   1    16   1U    0     1     1  0.720      0.720      0.02813   
   1    16   2     0     1     1  0.734      0.734      0.01406   
   1    17   1U    0     1     1  0.734      0.734      0.02109   
   1    17   2U    0     1     1  0.734      0.734      0.01055   
   1    17   3U    0     1     1  0.734      0.734      0.005273  
   1    17   4U    0     1     1  0.734      0.734      0.002637  
   1    17   5     0     1     1  0.735      0.735      0.001318  
   1    18   1U    0     1     1  0.735      0.735      0.001978  
   1    18   2U    0     1     1  0.735      0.735      0.0009888 
   1    18   3U    0     1     1  0.735      0.735      0.0004944 
   1    18   4U    0     1     1  0.735      0.735      0.0002472 
   1    18   5U    0     1     1  0.735      0.735      0.0001236 
   1    18   6U    0     1     1  0.735      0.735      0.0001236 
                          
 THE ANALYSIS HAS NOT BEEN COMPLETED
