 Abaqus/Standard 2025                  DATE 27-Sep-2026 TIME 19:43:36
 SUMMARY OF JOB INFORMATION:
 STEP  INC ATT SEVERE EQUIL TOTAL  TOTAL      STEP       INC OF       DOF    IF
               DISCON ITERS ITERS  TIME/    TIME/LPF    TIME/LPF    MONITOR RIKS
               ITERS               FREQ
   1     1   1     0     1     1  0.00500    0.00500    0.005000  
   1     2   1     0     1     1  0.0100     0.0100     0.005000  
   1     3   1     0     1     1  0.0175     0.0175     0.007500  
   1     4   1     0     1     1  0.0288     0.0288     0.01125   
   1     5   1     0     1     1  0.0456     0.0456     0.01688   
   1     6   1     0     1     1  0.0709     0.0709     0.02531   
   1     7   1     0     1     1  0.109      0.109      0.03797   
   1     8   1     0     1     1  0.166      0.166      0.05695   
   1     9   1     0     1     1  0.251      0.251      0.08543   
   1    10   1     0     1     1  0.351      0.351      0.1000    
   1    11   1     0     1     1  0.451      0.451      0.1000    
   1    12   1     0     1     1  0.551      0.551      0.1000    
   1    13   1     0     1     1  0.651      0.651      0.1000    
   1    14   1     0     1     1  0.751      0.751      0.1000    
   1    15   1     0     1     1  0.851      0.851      0.1000    
   1    16   1     0     1     1  0.951      0.951      0.1000    
   1    17   1     0     1     1  1.00       1.00       0.04871   
                          
 THE ANALYSIS HAS COMPLETED SUCCESSFULLY
